// Vitest Snapshot v1

exports[`<GridContent /> > should render grid content 1`] = `
.c3 {
  color: #0A1128;
  font-size: 6.4rem;
  text-transform: uppercase;
}

.c1 {
  max-width: 120rem;
  margin: 0 auto;
  padding: 3.2rem;
}

.c0 {
  background: #FFFFFF;
  color: #0A1128;
  min-height: 100vh;
  display: -webkit-box;
  display: -webkit-flex;
  display: -ms-flexbox;
  display: flex;
  -webkit-align-items: center;
  -webkit-box-align: center;
  -ms-flex-align: center;
  align-items: center;
}

.c5 {
  font-size: 2.4rem;
}

.c2 {
  text-align: center;
  max-width: 58rem;
  margin: 0 auto;
}

.c4 {
  margin: 6.4rem 0;
}

@media (max-width:768px) {
  .c3 {
    font-size: 4.0rem;
  }
}

<div>
  <div
    class="c0"
    id=""
  >
    <div
      class="c1"
    >
      <div
        class="c2"
      >
        <h2
          class="c3"
        >
          O título que eu quero
        </h2>
        <div
          class="c4"
        >
          <div
            class="c5"
          >
            &lt;p&gt;&lt;strong&gt;Pellentesque habitant morbi tristique&lt;/strong&gt; senectus et netus et malesuada fames ac turpis egestas. Vestibulum tortor quam, feugiat vitae, ultricies eget, tempor sit amet, ante. Donec eu libero sit amet quam egestas semper. &lt;em&gt;Aenean ultricies mi vitae est.&lt;/em&gt; Mauris placerat eleifend leo. Quisque sit amet est et sapien ullamcorper pharetra. Vestibulum erat wisi, condimentum sed, &lt;code&gt;commodo vitae&lt;/code&gt;, ornare sit amet, wisi. Aenean fermentum, elit eget tincidunt condimentum, eros ipsum rutrum orci, sagittis tempus lacus enim ac dui. &lt;a href="#"&gt;Donec non enim&lt;/a&gt; in turpis pulvinar facilisis. Ut felis.&lt;/p&gt;
            

              &lt;h2&gt;Header Level 2&lt;/h2&gt;
            

              &lt;ol&gt;
     &lt;li&gt;Lorem ipsum dolor sit amet, consectetuer adipiscing elit.&lt;/li&gt;
     &lt;li&gt;Aliquam tincidunt mauris eu risus.&lt;/li&gt;
  &lt;/ol&gt;
            

              &lt;blockquote&gt;&lt;p&gt;Lorem ipsum dolor sit amet, consectetur adipiscing elit. Vivamus magna. Cras in mi at felis aliquet congue. Ut a est eget ligula molestie gravida. Curabitur massa. Donec eleifend, libero at sagittis mollis, tellus est malesuada tellus, at luctus turpis elit sit amet quam. Vivamus pretium ornare est.&lt;/p&gt;&lt;/blockquote&gt;
            

              &lt;h3&gt;Header Level 3&lt;/h3&gt;
            

              &lt;ul&gt;
     &lt;li&gt;Lorem ipsum dolor sit amet, consectetuer adipiscing elit.&lt;/li&gt;
     &lt;li&gt;Aliquam tincidunt mauris eu risus.&lt;/li&gt;
  &lt;/ul&gt;
            

              &lt;pre&gt;&lt;code&gt;
  #header h1 a {
    display: block;
    width: 300px;
    height: 80px;
  }
  &lt;/code&gt;&lt;/pre&gt;
          </div>
        </div>
      </div>
    </div>
  </div>
</div>
`;

exports[`<GridContent /> > should render grid content 2`] = `
.c3 {
  color: #0A1128;
  font-size: 6.4rem;
  text-transform: uppercase;
}

.c1 {
  max-width: 120rem;
  margin: 0 auto;
  padding: 3.2rem;
}

.c0 {
  background: #FFFFFF;
  color: #0A1128;
  min-height: 100vh;
  display: -webkit-box;
  display: -webkit-flex;
  display: -ms-flexbox;
  display: flex;
  -webkit-align-items: center;
  -webkit-box-align: center;
  -ms-flex-align: center;
  align-items: center;
}

.c5 {
  font-size: 2.4rem;
}

.c2 {
  text-align: center;
  max-width: 58rem;
  margin: 0 auto;
}

.c4 {
  margin: 6.4rem 0;
}

@media (max-width:768px) {
  .c3 {
    font-size: 4.0rem;
  }
}

<div>
  <div
    class="c0"
    id=""
  >
    <div
      class="c1"
    >
      <div
        class="c2"
      >
        <h2
          class="c3"
        >
          O título que eu quero
        </h2>
        <div
          class="c4"
        >
          <div
            class="c5"
          >
            &lt;p&gt;&lt;strong&gt;Pellentesque habitant morbi tristique&lt;/strong&gt; senectus et netus et malesuada fames ac turpis egestas. Vestibulum tortor quam, feugiat vitae, ultricies eget, tempor sit amet, ante. Donec eu libero sit amet quam egestas semper. &lt;em&gt;Aenean ultricies mi vitae est.&lt;/em&gt; Mauris placerat eleifend leo. Quisque sit amet est et sapien ullamcorper pharetra. Vestibulum erat wisi, condimentum sed, &lt;code&gt;commodo vitae&lt;/code&gt;, ornare sit amet, wisi. Aenean fermentum, elit eget tincidunt condimentum, eros ipsum rutrum orci, sagittis tempus lacus enim ac dui. &lt;a href="#"&gt;Donec non enim&lt;/a&gt; in turpis pulvinar facilisis. Ut felis.&lt;/p&gt;
            

              &lt;h2&gt;Header Level 2&lt;/h2&gt;
            

              &lt;ol&gt;
     &lt;li&gt;Lorem ipsum dolor sit amet, consectetuer adipiscing elit.&lt;/li&gt;
     &lt;li&gt;Aliquam tincidunt mauris eu risus.&lt;/li&gt;
  &lt;/ol&gt;
            

              &lt;blockquote&gt;&lt;p&gt;Lorem ipsum dolor sit amet, consectetur adipiscing elit. Vivamus magna. Cras in mi at felis aliquet congue. Ut a est eget ligula molestie gravida. Curabitur massa. Donec eleifend, libero at sagittis mollis, tellus est malesuada tellus, at luctus turpis elit sit amet quam. Vivamus pretium ornare est.&lt;/p&gt;&lt;/blockquote&gt;
            

              &lt;h3&gt;Header Level 3&lt;/h3&gt;
            

              &lt;ul&gt;
     &lt;li&gt;Lorem ipsum dolor sit amet, consectetuer adipiscing elit.&lt;/li&gt;
     &lt;li&gt;Aliquam tincidunt mauris eu risus.&lt;/li&gt;
  &lt;/ul&gt;
            

              &lt;pre&gt;&lt;code&gt;
  #header h1 a {
    display: block;
    width: 300px;
    height: 80px;
  }
  &lt;/code&gt;&lt;/pre&gt;
          </div>
        </div>
      </div>
    </div>
  </div>
</div>
`;
